// Jest Snapshot v1, https://goo.gl/fbAQLP

exports[`matches the button component snapshot 1`] = `
<button
  onClick={[Function]}
  style={
    Object {
      "backgroundColor": "",
      "width": "25%",
    }
  }
  type="button"
  value="3"
>
  3
</button>
`;
